// Jest Snapshot v1, https://goo.gl/fbAQLP

exports[`Test in NavBar component Navbar renders correctly 1`] = `
<div>
  <nav
    class="navbar navbar-expand-md navbar-dark bg-dark"
  >
    <div
      class="container-fluid"
    >
      <a
        class="text-warning navbar-brand"
        data-testid="titleApp"
      >
        Test Corserva
      </a>
      <button
        aria-label="Toggle navigation"
        class="navbar-toggler"
        type="button"
      >
        <span
          class="navbar-toggler-icon"
        />
      </button>
      <div
        class="collapse navbar-collapse"
      >
        <ul
          class="me-auto navbar-nav"
        >
          <a
            aria-current="page"
            class="nav-item nav-link  active"
            href="/"
          >
            Usuarios
          </a>
          <a
            class="nav-item nav-link  "
            href="/other"
          >
            Art√≠culos
          </a>
        </ul>
      </div>
    </div>
  </nav>
</div>
`;
